HI-TECH Software C Compiler 

Linker command line:

--edf=C:\Program Files (x86)\HI-TECH Software\PICC\9.83\dat\en_msgs.txt -cs \
  -h+digital_voltage_interrupt.sym -z -Q12LF1822 -ol.obj \
  -Mdigital_voltage_interrupt.map -E1 -ACONST=00h-0FFhx8 -ACODE=00h-07FFh \
  -ASTRCODE=00h-07FFh -AENTRY=00h-0FFhx8 -ASTRING=00h-0FFhx8 \
  -ABANK0=020h-06Fh -ABANK1=0A0h-0BFh -ABIGRAM=02000h-0206Fh \
  -ARAM=020h-06Fh,0A0h-0BFh -AABS1=020h-07Fh,0A0h-0BFh -ACOMMON=070h-07Fh \
  -ASFR0=00h-01Fh -ASFR1=080h-09Fh -ASFR2=0100h-016Fh -ASFR3=0180h-01EFh \
  -ASFR4=0200h-026Fh -ASFR5=0280h-02EFh -ASFR6=0300h-036Fh \
  -ASFR7=0380h-03EFh -ASFR8=0400h-046Fh -ASFR9=0480h-04EFh \
  -ASFR10=0500h-056Fh -ASFR11=0580h-05EFh -ASFR12=0600h-066Fh \
  -ASFR13=0680h-06EFh -ASFR14=0700h-076Fh -ASFR15=0780h-07EFh \
  -ASFR16=0800h-086Fh -ASFR17=0880h-08EFh -ASFR18=0900h-096Fh \
  -ASFR19=0980h-09EFh -ASFR20=0A00h-0A6Fh -ASFR21=0A80h-0AEFh \
  -ASFR22=0B00h-0B6Fh -ASFR23=0B80h-0BEFh -ASFR24=0C00h-0C6Fh \
  -ASFR25=0C80h-0CEFh -ASFR26=0D00h-0D6Fh -ASFR27=0D80h-0DEFh \
  -ASFR28=0E00h-0E6Fh -ASFR29=0E80h-0EEFh -ASFR30=0F00h-0F6Fh \
  -ASFR31=0F80h-0FEFh -preset_vec=00h,intentry,init,end_init -ppowerup=CODE \
  -pfunctab=CODE -ACONFIG=08007h-08008h -pconfig=CONFIG -DCONFIG=2 \
  -AIDLOC=08000h-08003h -pidloc=IDLOC -DIDLOC=2 -AEEDATA=00h-0FFh/0F000h \
  -peeprom_data=EEDATA -DEEDATA=2 -DCODE=2 -DSTRCODE=2 -DSTRING=2 -DCONST=2 \
  -DENTRY=2 -k startup.obj digital_voltage_interrupt.obj 

Object code version is 3.10

Machine type is 12LF1822



                Name                               Link     Load   Length Selector   Space Scale
startup.obj     end_init                              1        1        2        0       0
                reset_vec                             0        0        1        0       0
digital_voltage_interrupt.obj
                text77                              7CF      7CF       31      F9E       0
                maintext                            7B9      7B9       16      F72       0
                cstackCOMMON                         70       70        2       70       1
                cinit                               7B7      7B7        2      F6E       0

TOTAL           Name                               Link     Load   Length     Space
        CLASS   CONST          

        CLASS   CODE           
                end_init                              1        1        2         0
                reset_vec                             0        0        1         0
                text77                              7CF      7CF       31         0
                maintext                            7B9      7B9       16         0
                cinit                               7B7      7B7        2         0

        CLASS   STRCODE        

        CLASS   ENTRY          

        CLASS   STRING         

        CLASS   BANK0          

        CLASS   BANK1          

        CLASS   BIGRAM         

        CLASS   RAM            

        CLASS   ABS1           
                abs_s1                               7E       7E        2         1

        CLASS   COMMON         
                cstackCOMMON                         70       70        2         1

        CLASS   SFR0           

        CLASS   SFR1           

        CLASS   SFR2           

        CLASS   SFR3           

        CLASS   SFR4           

        CLASS   SFR5           

        CLASS   SFR6           

        CLASS   SFR7           

        CLASS   SFR8           

        CLASS   SFR9           

        CLASS   SFR10          

        CLASS   SFR11          

        CLASS   SFR12          

        CLASS   SFR13          

        CLASS   SFR14          

        CLASS   SFR15          

        CLASS   SFR16          

        CLASS   SFR17          

        CLASS   SFR18          

        CLASS   SFR19          

        CLASS   SFR20          

        CLASS   SFR21          

        CLASS   SFR22          

        CLASS   SFR23          

        CLASS   SFR24          

        CLASS   SFR25          

        CLASS   SFR26          

        CLASS   SFR27          

        CLASS   SFR28          

        CLASS   SFR29          

        CLASS   SFR30          

        CLASS   SFR31          

        CLASS   CONFIG         

        CLASS   IDLOC          

        CLASS   EEDATA         

        CLASS   BANK31         

        CLASS   BANK30         

        CLASS   BANK29         

        CLASS   BANK28         

        CLASS   BANK27         

        CLASS   BANK26         

        CLASS   BANK25         

        CLASS   BANK24         

        CLASS   BANK23         

        CLASS   BANK22         

        CLASS   BANK21         

        CLASS   BANK20         

        CLASS   BANK19         

        CLASS   BANK18         

        CLASS   BANK17         

        CLASS   BANK16         

        CLASS   BANK15         

        CLASS   BANK14         

        CLASS   BANK13         

        CLASS   BANK12         

        CLASS   BANK11         

        CLASS   BANK10         

        CLASS   BANK9          

        CLASS   BANK8          

        CLASS   BANK7          

        CLASS   BANK6          

        CLASS   BANK5          

        CLASS   BANK4          

        CLASS   BANK3          

        CLASS   BANK2          



SEGMENTS        Name                           Load    Length   Top    Selector   Space  Class     Delta

                reset_vec                      000000  000003  000003         0       0  CODE        2
                cstackCOMMON                   000070  000002  000072        70       1  COMMON      1
                cinit                          0007B7  000002  0007B9       F6E       0  CODE        2
                maintext                       0007B9  000016  0007CF       F72       0  CODE        2
                text77                         0007CF  000031  000800       F9E       0  CODE        2


UNUSED ADDRESS RANGES

        Name                Unused          Largest block    Delta
        BANK0            0020-006F             50           1
        BANK1            00A0-00BF             20           1
        BIGRAM           2000-206F             70           1
        CODE             0003-07B6            7B4           2
        COMMON           0072-007D              C           1
        CONFIG           8007-8008              2           2
        CONST            0003-07B6            100           2
        EEDATA           F000-F0FF            100           2
        ENTRY            0003-07B6            100           2
        IDLOC            8000-8003              4           2
        RAM              0020-006F             50           1
                         00A0-00BF             20
        SFR0             0000-001F             20           1
        SFR1             0080-009F             20           1
        SFR10            0500-056F             70           1
        SFR11            0580-05EF             70           1
        SFR12            0600-066F             70           1
        SFR13            0680-06EF             70           1
        SFR14            0700-076F             70           1
        SFR15            0780-07EF             70           1
        SFR16            0800-086F             70           1
        SFR17            0880-08EF             70           1
        SFR18            0900-096F             70           1
        SFR19            0980-09EF             70           1
        SFR2             0100-016F             70           1
        SFR20            0A00-0A6F             70           1
        SFR21            0A80-0AEF             70           1
        SFR22            0B00-0B6F             70           1
        SFR23            0B80-0BEF             70           1
        SFR24            0C00-0C6F             70           1
        SFR25            0C80-0CEF             70           1
        SFR26            0D00-0D6F             70           1
        SFR27            0D80-0DEF             70           1
        SFR28            0E00-0E6F             70           1
        SFR29            0E80-0EEF             70           1
        SFR3             0180-01EF             70           1
        SFR30            0F00-0F6F             70           1
        SFR31            0F80-0FEF             70           1
        SFR4             0200-026F             70           1
        SFR5             0280-02EF             70           1
        SFR6             0300-036F             70           1
        SFR7             0380-03EF             70           1
        SFR8             0400-046F             70           1
        SFR9             0480-04EF             70           1
        STRCODE          0003-07B6            7B4           2
        STRING           0003-07B6            100           2

                                  Symbol Table

??_loop               cstackCOMMON 0070
??_main               cstackCOMMON 0072
?_loop                cstackCOMMON 0070
?_main                cstackCOMMON 0070
_ANSELA               (abs)        018C
_CARRY                (abs)        0018
_EEADR                (abs)        0191
_EECON1               (abs)        0195
_EECON2               (abs)        0196
_EEDATA               (abs)        0193
_GIE                  (abs)        005F
_PORTA                (abs)        000C
_RA2                  (abs)        0062
_RA4                  (abs)        0064
_RA5                  (abs)        0065
_RD                   (abs)        0CA8
_TRISA                (abs)        008C
_WR                   (abs)        0CA9
_WREN                 (abs)        0CAA
__Habs1               abs1         0000
__Hbank0              bank0        0000
__Hbank1              bank1        0000
__Hbank10             bank10       0000
__Hbank11             bank11       0000
__Hbank12             bank12       0000
__Hbank13             bank13       0000
__Hbank14             bank14       0000
__Hbank15             bank15       0000
__Hbank16             bank16       0000
__Hbank17             bank17       0000
__Hbank18             bank18       0000
__Hbank19             bank19       0000
__Hbank2              bank2        0000
__Hbank20             bank20       0000
__Hbank21             bank21       0000
__Hbank22             bank22       0000
__Hbank23             bank23       0000
__Hbank24             bank24       0000
__Hbank25             bank25       0000
__Hbank26             bank26       0000
__Hbank27             bank27       0000
__Hbank28             bank28       0000
__Hbank29             bank29       0000
__Hbank3              bank3        0000
__Hbank30             bank30       0000
__Hbank31             bank31       0000
__Hbank4              bank4        0000
__Hbank5              bank5        0000
__Hbank6              bank6        0000
__Hbank7              bank7        0000
__Hbank8              bank8        0000
__Hbank9              bank9        0000
__Hbigram             bigram       0000
__Hcinit              cinit        0000
__Hclrtext            clrtext      0000
__Hcode               code         0000
__Hcommon             common       0000
__Hconfig             config       0000
__HcstackCOMMON       cstackCOMMON 0000
__Heeprom_data        eeprom_data  0000
__Hend_init           end_init     0003
__Hfunctab            functab      0000
__Hidloc              idloc        0000
__Hinit               init         0001
__Hintentry           intentry     0001
__Hmaintext           maintext     0000
__Hpowerup            powerup      0000
__Hram                ram          0000
__Hreset_vec          reset_vec    0001
__Hsfr0               sfr0         0000
__Hsfr1               sfr1         0000
__Hsfr10              sfr10        0000
__Hsfr11              sfr11        0000
__Hsfr12              sfr12        0000
__Hsfr13              sfr13        0000
__Hsfr14              sfr14        0000
__Hsfr15              sfr15        0000
__Hsfr16              sfr16        0000
__Hsfr17              sfr17        0000
__Hsfr18              sfr18        0000
__Hsfr19              sfr19        0000
__Hsfr2               sfr2         0000
__Hsfr20              sfr20        0000
__Hsfr21              sfr21        0000
__Hsfr22              sfr22        0000
__Hsfr23              sfr23        0000
__Hsfr24              sfr24        0000
__Hsfr25              sfr25        0000
__Hsfr26              sfr26        0000
__Hsfr27              sfr27        0000
__Hsfr28              sfr28        0000
__Hsfr29              sfr29        0000
__Hsfr3               sfr3         0000
__Hsfr30              sfr30        0000
__Hsfr31              sfr31        0000
__Hsfr4               sfr4         0000
__Hsfr5               sfr5         0000
__Hsfr6               sfr6         0000
__Hsfr7               sfr7         0000
__Hsfr8               sfr8         0000
__Hsfr9               sfr9         0000
__Hstrings            strings      0000
__Htext               text         0000
__Labs1               abs1         0000
__Lbank0              bank0        0000
__Lbank1              bank1        0000
__Lbank10             bank10       0000
__Lbank11             bank11       0000
__Lbank12             bank12       0000
__Lbank13             bank13       0000
__Lbank14             bank14       0000
__Lbank15             bank15       0000
__Lbank16             bank16       0000
__Lbank17             bank17       0000
__Lbank18             bank18       0000
__Lbank19             bank19       0000
__Lbank2              bank2        0000
__Lbank20             bank20       0000
__Lbank21             bank21       0000
__Lbank22             bank22       0000
__Lbank23             bank23       0000
__Lbank24             bank24       0000
__Lbank25             bank25       0000
__Lbank26             bank26       0000
__Lbank27             bank27       0000
__Lbank28             bank28       0000
__Lbank29             bank29       0000
__Lbank3              bank3        0000
__Lbank30             bank30       0000
__Lbank31             bank31       0000
__Lbank4              bank4        0000
__Lbank5              bank5        0000
__Lbank6              bank6        0000
__Lbank7              bank7        0000
__Lbank8              bank8        0000
__Lbank9              bank9        0000
__Lbigram             bigram       0000
__Lcinit              cinit        0000
__Lclrtext            clrtext      0000
__Lcode               code         0000
__Lcommon             common       0000
__Lconfig             config       0000
__LcstackCOMMON       cstackCOMMON 0000
__Leeprom_data        eeprom_data  0000
__Lend_init           end_init     0001
__Lfunctab            functab      0000
__Lidloc              idloc        0000
__Linit               init         0001
__Lintentry           intentry     0001
__Lmaintext           maintext     0000
__Lpowerup            powerup      0000
__Lram                ram          0000
__Lreset_vec          reset_vec    0000
__Lsfr0               sfr0         0000
__Lsfr1               sfr1         0000
__Lsfr10              sfr10        0000
__Lsfr11              sfr11        0000
__Lsfr12              sfr12        0000
__Lsfr13              sfr13        0000
__Lsfr14              sfr14        0000
__Lsfr15              sfr15        0000
__Lsfr16              sfr16        0000
__Lsfr17              sfr17        0000
__Lsfr18              sfr18        0000
__Lsfr19              sfr19        0000
__Lsfr2               sfr2         0000
__Lsfr20              sfr20        0000
__Lsfr21              sfr21        0000
__Lsfr22              sfr22        0000
__Lsfr23              sfr23        0000
__Lsfr24              sfr24        0000
__Lsfr25              sfr25        0000
__Lsfr26              sfr26        0000
__Lsfr27              sfr27        0000
__Lsfr28              sfr28        0000
__Lsfr29              sfr29        0000
__Lsfr3               sfr3         0000
__Lsfr30              sfr30        0000
__Lsfr31              sfr31        0000
__Lsfr4               sfr4         0000
__Lsfr5               sfr5         0000
__Lsfr6               sfr6         0000
__Lsfr7               sfr7         0000
__Lsfr8               sfr8         0000
__Lsfr9               sfr9         0000
__Lstrings            strings      0000
__Ltext               text         0000
__S0                  (abs)        0800
__S1                  (abs)        0072
__S2                  (abs)        0000
__end_of_loop         text77       0800
__end_of_main         maintext     07CF
__pcstackCOMMON       cstackCOMMON 0070
__pmaintext           maintext     07B9
__ptext76             text76       0000
__ptext77             text77       07CF
__ptext78             text78       0000
__size_of_loop        (abs)        0000
__size_of_main        (abs)        0000
_exit                 init         0001
_loop                 text77       07CF
_main                 maintext     07B9
btemp                 (abs)        007E
end_of_initialization cinit        07B7
intlevel0             functab      0000
intlevel1             functab      0000
intlevel2             functab      0000
intlevel3             functab      0000
intlevel4             functab      0000
intlevel5             functab      0000
reset_vec             reset_vec    0000
start                 init         0001
start_initialization  cinit        07B7
wtemp0                (abs)        007E
